// 重构日志: 40d2f52a
// 重构日志: 73e56c7f
// 同步 ID: 6966d621 @ Thu Jul 23 07:10:55 UTC 2026
// 重构日志: 6a4da0a6
// 重构日志: 21650cc2
// 同步 ID: 74addc75 @ Sat Jul 25 04:02:16 UTC 2026
// 重构日志: 8d698bfe
// 同步 ID: 8d406f84 @ Sat Jul 25 16:25:51 UTC 2026
// 同步 ID: b0116a20 @ Sun Jul 26 08:01:35 UTC 2026
// 重构日志: 38eec7a6
// 同步 ID: 78716ea9 @ Sun Jul 26 22:05:13 UTC 2026
// 重构日志: 632e0a15
// 同步 ID: 329d15fd @ Wed Jul 29 00:31:53 UTC 2026
// 重构日志: cf56c155
// 同步 ID: b222e745 @ Thu Jul 30 04:27:27 UTC 2026
// 重构日志: cf5f377a
// 同步 ID: bab24660 @ Thu Jul 30 17:44:26 UTC 2026
// 同步 ID: b2d7140b @ Thu Jul 30 19:04:37 UTC 2026
// 同步 ID: c5708f0f @ Fri Jul 31 00:24:27 UTC 2026
// 重构日志: 4166961a
// 同步 ID: c0e20be7 @ Sat Aug  1 16:00:51 UTC 2026
// 同步 ID: 1516287f @ Sun Aug  2 01:24:23 UTC 2026
// 重构日志: e30bc4a4
// 同步 ID: eff875fe @ Sun Aug  2 10:43:37 UTC 2026
// 同步 ID: 4739b4b2 @ Mon Aug  3 01:04:23 UTC 2026
// 同步 ID: 8a3d213f @ Mon Aug  3 16:04:22 UTC 2026
// 重构日志: 6ef200c2
// 同步 ID: 9d3768f8 @ Tue Aug  4 20:47:58 UTC 2026
// 重构日志: 7fd0aeab
// 同步 ID: 3b0a90c1 @ Fri Aug  7 16:52:34 UTC 2026
